\BOOKMARK [0][-]{section*.2}{\376\377\000A\000\040\000Q\000u\000a\000n\000t\000u\000m\000-\000I\000n\000s\000p\000i\000r\000e\000d\000\040\000A\000n\000n\000e\000a\000l\000i\000n\000g\000-\000B\000a\000s\000e\000d\000\040\000A\000l\000g\000o\000r\000i\000t\000h\000m\000\040\000t\000o\000\040\000s\000o\000l\000v\000e\000\040\000L\000a\000r\000g\000e\000-\000S\000c\000a\000l\000e\000\040\000B\000i\000n\000a\000r\000y\000\040\000O\000p\000t\000i\000m\000i\000z\000a\000t\000i\000o\000n\000\040\000P\000r\000o\000b\000l\000e\000m\000s}{}% 2
\BOOKMARK [1][-]{section*.1}{\376\377\000A\000b\000s\000t\000r\000a\000c\000t}{section*.2}% 1
\BOOKMARK [1][-]{section*.3}{\376\377\000I\000n\000t\000r\000o\000d\000u\000c\000t\000i\000o\000n}{section*.2}% 3
\BOOKMARK [1][-]{section*.4}{\376\377\000F\000r\000o\000m\000\040\000b\000i\000n\000a\000r\000y\000\040\000o\000b\000j\000e\000c\000t\000i\000v\000e\000s\000\040\000t\000o\000\040\000a\000n\000\040\000a\000n\000n\000e\000a\000l\000e\000d\000\040\000v\000a\000r\000i\000a\000t\000i\000o\000n\000a\000l\000\040\000p\000r\000o\000b\000l\000e\000m}{section*.2}% 4
\BOOKMARK [2][-]{section*.5}{\376\377\000Q\000U\000B\000O\000,\000\040\000I\000s\000i\000n\000g\000\040\000v\000a\000r\000i\000a\000b\000l\000e\000s\000,\000\040\000a\000n\000d\000\040\000M\000a\000x\000C\000u\000t}{section*.4}% 5
\BOOKMARK [2][-]{section*.6}{\376\377\000A\000\040\000t\000r\000a\000n\000s\000v\000e\000r\000s\000e\000-\000f\000i\000e\000l\000d\000\040\000G\000i\000b\000b\000s\000\040\000t\000a\000r\000g\000e\000t}{section*.4}% 6
\BOOKMARK [2][-]{section*.7}{\376\377\000P\000r\000o\000d\000u\000c\000t\000\040\000s\000t\000a\000t\000e\000s\000\040\000a\000n\000d\000\040\000t\000h\000e\000\040\000B\000l\000o\000c\000h\000\040\000d\000i\000s\000k}{section*.4}% 7
\BOOKMARK [1][-]{section*.8}{\376\377\000S\000t\000a\000t\000i\000o\000n\000a\000r\000y\000\040\000s\000t\000r\000u\000c\000t\000u\000r\000e\000\040\000a\000n\000d\000\040\000a\000n\000n\000e\000a\000l\000i\000n\000g\000\040\000d\000y\000n\000a\000m\000i\000c\000s}{section*.2}% 8
\BOOKMARK [2][-]{section*.9}{\376\377\000U\000n\000c\000o\000n\000s\000t\000r\000a\000i\000n\000e\000d\000\040\000f\000i\000e\000l\000d\000s\000\040\000a\000n\000d\000\040\000e\000x\000a\000c\000t\000\040\000l\000o\000c\000a\000l\000\040\000d\000e\000r\000i\000v\000a\000t\000i\000v\000e\000s}{section*.8}% 9
\BOOKMARK [2][-]{section*.10}{\376\377\000S\000e\000l\000f\000-\000c\000o\000n\000s\000i\000s\000t\000e\000n\000c\000y\000\040\000a\000n\000d\000\040\000t\000h\000e\000\040\000c\000l\000a\000s\000s\000i\000c\000a\000l\000\040\000e\000n\000d\000p\000o\000i\000n\000t}{section*.8}% 10
\BOOKMARK [2][-]{section*.11}{\376\377\000A\000\040\000c\000u\000r\000v\000a\000t\000u\000r\000e\000\040\000s\000c\000a\000l\000e\000\040\000f\000o\000r\000\040\000t\000h\000e\000\040\000o\000n\000s\000e\000t\000\040\000o\000f\000\040\000p\000o\000l\000a\000r\000i\000z\000a\000t\000i\000o\000n}{section*.8}% 11
\BOOKMARK [2][-]{section*.12}{\376\377\000W\000h\000a\000t\000\040\000t\000h\000e\000\040\000d\000i\000s\000c\000r\000e\000t\000e\000-\000n\000e\000i\000g\000h\000b\000o\000u\000r\000\040\000c\000o\000n\000t\000i\000n\000u\000a\000t\000i\000o\000n\000\040\000c\000h\000a\000n\000g\000e\000s}{section*.8}% 12
\BOOKMARK [1][-]{section*.13}{\376\377\000N\000u\000m\000e\000r\000i\000c\000a\000l\000\040\000a\000l\000g\000o\000r\000i\000t\000h\000m\000\040\000a\000n\000d\000\040\000w\000h\000a\000t\000\040\000a\000\040\000t\000r\000a\000j\000e\000c\000t\000o\000r\000y\000\040\000m\000e\000a\000n\000s}{section*.2}% 13
\BOOKMARK [2][-]{section*.14}{\376\377\000C\000o\000u\000p\000l\000i\000n\000g\000\040\000s\000c\000a\000l\000e\000\040\000a\000n\000d\000\040\000t\000h\000e\000\040\000i\000m\000p\000l\000e\000m\000e\000n\000t\000e\000d\000\040\000o\000b\000j\000e\000c\000t\000i\000v\000e}{section*.13}% 14
\BOOKMARK [2][-]{section*.15}{\376\377\000I\000n\000i\000t\000i\000a\000l\000i\000z\000a\000t\000i\000o\000n\000,\000\040\000s\000c\000h\000e\000d\000u\000l\000e\000s\000,\000\040\000a\000n\000d\000\040\000o\000p\000t\000i\000m\000i\000z\000a\000t\000i\000o\000n}{section*.13}% 15
\BOOKMARK [2][-]{section*.16}{\376\377\000B\000i\000n\000a\000r\000y\000\040\000r\000e\000a\000d\000o\000u\000t\000\040\000a\000n\000d\000\040\000s\000c\000o\000r\000i\000n\000g}{section*.13}% 16
\BOOKMARK [2][-]{section*.17}{\376\377\000A\000r\000i\000t\000h\000m\000e\000t\000i\000c\000\040\000a\000n\000d\000\040\000s\000t\000o\000r\000a\000g\000e}{section*.13}% 17
\BOOKMARK [1][-]{section*.18}{\376\377\000E\000x\000p\000e\000r\000i\000m\000e\000n\000t\000a\000l\000\040\000m\000a\000t\000e\000r\000i\000a\000l\000\040\000a\000n\000d\000\040\000e\000v\000a\000l\000u\000a\000t\000i\000o\000n\000\040\000p\000r\000o\000t\000o\000c\000o\000l}{section*.2}% 18
\BOOKMARK [2][-]{section*.19}{\376\377\000I\000n\000s\000t\000a\000n\000c\000e\000\040\000f\000a\000m\000i\000l\000i\000e\000s\000\040\000a\000n\000d\000\040\000r\000e\000f\000e\000r\000e\000n\000c\000e\000\040\000v\000a\000l\000u\000e\000s}{section*.18}% 19
\BOOKMARK [2][-]{section*.20}{\376\377\000P\000l\000a\000n\000t\000e\000d\000\040\000d\000a\000t\000a\000\040\000a\000n\000d\000\040\000t\000h\000e\000i\000r\000\040\000c\000o\000n\000s\000t\000r\000u\000c\000t\000i\000o\000n}{section*.18}% 20
\BOOKMARK [2][-]{section*.21}{\376\377\000S\000c\000o\000r\000i\000n\000g\000\040\000a\000n\000d\000\040\000e\000n\000d\000p\000o\000i\000n\000t\000\040\000i\000n\000t\000e\000r\000p\000r\000e\000t\000a\000t\000i\000o\000n}{section*.18}% 21
\BOOKMARK [2][-]{section*.22}{\376\377\000F\000r\000o\000z\000e\000n\000\040\000Q\000e\000F\000E\000M\000\040\000a\000n\000d\000\040\000L\000Q\000A\000\040\000c\000o\000m\000p\000a\000r\000i\000s\000o\000n}{section*.18}% 22
\BOOKMARK [2][-]{section*.23}{\376\377\000G\000-\000s\000e\000t\000:\000\040\000a\000d\000a\000p\000t\000i\000v\000e\000\040\000a\000t\000t\000a\000i\000n\000m\000e\000n\000t\000\040\000a\000n\000d\000\040\000f\000r\000e\000s\000h\000-\000s\000e\000e\000d\000\040\000c\000o\000n\000f\000i\000r\000m\000a\000t\000i\000o\000n}{section*.18}% 23
\BOOKMARK [2][-]{section*.24}{\376\377\000R\000e\000p\000r\000o\000d\000u\000c\000i\000b\000i\000l\000i\000t\000y\000\040\000a\000n\000d\000\040\000t\000h\000e\000\040\000s\000c\000o\000p\000e\000\040\000o\000f\000\040\000c\000o\000m\000p\000a\000r\000i\000s\000o\000n\000s}{section*.18}% 24
\BOOKMARK [1][-]{section*.25}{\376\377\000R\000e\000s\000u\000l\000t\000s\000\040\000a\000n\000d\000\040\000t\000h\000e\000i\000r\000\040\000i\000n\000t\000e\000r\000p\000r\000e\000t\000a\000t\000i\000o\000n}{section*.2}% 25
\BOOKMARK [2][-]{section*.26}{\376\377\000A\000\040\000c\000o\000m\000p\000a\000c\000t\000\040\000v\000i\000e\000w\000\040\000o\000f\000\040\000t\000h\000e\000\040\000f\000r\000o\000z\000e\000n\000\040\000c\000o\000m\000p\000a\000r\000i\000s\000o\000n}{section*.25}% 26
\BOOKMARK [2][-]{section*.27}{\376\377\000G\000-\000s\000e\000t\000:\000\040\000b\000r\000o\000a\000d\000\040\000a\000t\000t\000a\000i\000n\000m\000e\000n\000t\000\040\000w\000i\000t\000h\000\040\000a\000\040\000m\000e\000a\000s\000u\000r\000a\000b\000l\000e\000\040\000l\000a\000t\000e\000r\000\040\000g\000a\000i\000n}{section*.25}% 27
\BOOKMARK [2][-]{section*.28}{\376\377\000K\0002\0000\0000\0000\000:\000\040\000a\000\040\000s\000t\000r\000o\000n\000g\000\040\000c\000u\000t\000,\000\040\000a\000\040\000p\000o\000p\000u\000l\000a\000t\000i\000o\000n\000\040\000p\000l\000a\000t\000e\000a\000u\000,\000\040\000a\000n\000d\000\040\000a\000n\000\040\000o\000p\000e\000n\000\040\000g\000a\000p}{section*.25}% 28
\BOOKMARK [2][-]{section*.29}{\376\377\000W\000i\000s\000h\000a\000r\000t\000:\000\040\000l\000o\000w\000e\000r\000\040\000e\000r\000r\000o\000r\000\040\000o\000n\000\040\000e\000v\000e\000r\000y\000\040\000f\000i\000x\000e\000d\000\040\000p\000l\000a\000n\000t\000e\000d\000\040\000i\000n\000s\000t\000a\000n\000c\000e}{section*.25}% 29
\BOOKMARK [2][-]{section*.30}{\376\377\000C\000h\000o\000o\000k\000:\000\040\000a\000\040\000w\000i\000d\000e\000\040\000p\000l\000a\000n\000t\000e\000d\000-\000h\000i\000t\000\040\000r\000e\000g\000i\000o\000n}{section*.25}% 30
\BOOKMARK [1][-]{section*.31}{\376\377\000D\000i\000s\000c\000u\000s\000s\000i\000o\000n}{section*.2}% 31
\BOOKMARK [2][-]{section*.32}{\376\377\000W\000h\000a\000t\000\040\000t\000h\000e\000\040\000e\000x\000p\000e\000r\000i\000m\000e\000n\000t\000s\000\040\000e\000s\000t\000a\000b\000l\000i\000s\000h}{section*.31}% 32
\BOOKMARK [2][-]{section*.33}{\376\377\000W\000h\000y\000\040\000t\000h\000i\000s\000\040\000c\000a\000n\000\040\000m\000a\000t\000t\000e\000r\000\040\000o\000u\000t\000s\000i\000d\000e\000\040\000t\000h\000e\000\040\000p\000r\000e\000s\000e\000n\000t\000\040\000b\000e\000n\000c\000h\000m\000a\000r\000k\000s}{section*.31}% 33
\BOOKMARK [2][-]{section*.34}{\376\377\000L\000i\000m\000i\000t\000a\000t\000i\000o\000n\000s\000\040\000a\000n\000d\000\040\000d\000e\000c\000i\000s\000i\000v\000e\000\040\000n\000e\000x\000t\000\040\000e\000x\000p\000e\000r\000i\000m\000e\000n\000t\000s}{section*.31}% 34
\BOOKMARK [1][-]{section*.35}{\376\377\000C\000o\000n\000c\000l\000u\000s\000i\000o\000n}{section*.2}% 35
\BOOKMARK [1][-]{section*.36}{\376\377\000A\000u\000t\000h\000o\000r\000\040\000c\000o\000n\000t\000r\000i\000b\000u\000t\000i\000o\000n\000s}{section*.2}% 36
\BOOKMARK [1][-]{section*.37}{\376\377\000R\000e\000f\000e\000r\000e\000n\000c\000e\000s}{section*.2}% 37
\BOOKMARK [1][-]{section*.38}{\376\377\000D\000e\000t\000a\000i\000l\000e\000d\000\040\000d\000e\000r\000i\000v\000a\000t\000i\000o\000n\000s\000\040\000a\000n\000d\000\040\000l\000i\000m\000i\000t\000i\000n\000g\000\040\000c\000a\000s\000e\000s}{section*.2}% 38
\BOOKMARK [2][-]{section*.39}{\376\377\000F\000r\000o\000m\000\040\000q\000u\000a\000n\000t\000u\000m\000\040\000r\000e\000l\000a\000t\000i\000v\000e\000\040\000e\000n\000t\000r\000o\000p\000y\000\040\000t\000o\000\040\000a\000\040\000p\000r\000o\000d\000u\000c\000t\000\040\000f\000r\000e\000e\000\040\000e\000n\000e\000r\000g\000y}{section*.38}% 39
\BOOKMARK [2][-]{section*.40}{\376\377\000T\000h\000e\000\040\000l\000o\000c\000a\000l\000\040\000s\000t\000a\000t\000e\000,\000\040\000e\000n\000t\000r\000o\000p\000y\000,\000\040\000a\000n\000d\000\040\000f\000i\000e\000l\000d\000\040\000m\000a\000p}{section*.38}% 40
\BOOKMARK [2][-]{section*.41}{\376\377\000G\000r\000a\000d\000i\000e\000n\000t\000\040\000a\000n\000d\000\040\000H\000e\000s\000s\000i\000a\000n\000\040\000i\000n\000\040\000p\000h\000y\000s\000i\000c\000a\000l\000\040\000a\000n\000d\000\040\000f\000i\000e\000l\000d\000\040\000c\000o\000o\000r\000d\000i\000n\000a\000t\000e\000s}{section*.38}% 41
\BOOKMARK [2][-]{section*.42}{\376\377\000L\000o\000n\000g\000i\000t\000u\000d\000i\000n\000a\000l\000\040\000i\000n\000s\000t\000a\000b\000i\000l\000i\000t\000y\000\040\000a\000n\000d\000\040\000s\000p\000e\000c\000t\000r\000a\000l\000\040\000s\000c\000h\000e\000d\000u\000l\000e\000\040\000i\000n\000v\000e\000r\000s\000i\000o\000n}{section*.38}% 42
\BOOKMARK [2][-]{section*.43}{\376\377\000Q\000u\000a\000d\000r\000a\000t\000i\000z\000a\000t\000i\000o\000n\000\040\000e\000x\000a\000m\000p\000l\000e\000\040\000a\000n\000d\000\040\000i\000t\000s\000\040\000p\000e\000n\000a\000l\000t\000y\000\040\000r\000e\000q\000u\000i\000r\000e\000m\000e\000n\000t}{section*.38}% 43
\BOOKMARK [1][-]{section*.44}{\376\377\000P\000r\000o\000t\000o\000c\000o\000l\000,\000\040\000s\000o\000u\000r\000c\000e\000,\000\040\000a\000n\000d\000\040\000c\000o\000m\000p\000a\000r\000a\000t\000o\000r\000\040\000d\000e\000t\000a\000i\000l\000s}{section*.2}% 44
\BOOKMARK [2][-]{section*.45}{\376\377\000E\000x\000a\000c\000t\000\040\000s\000a\000v\000e\000d\000-\000p\000l\000a\000n\000\040\000p\000r\000o\000v\000e\000n\000a\000n\000c\000e}{section*.44}% 45
\BOOKMARK [2][-]{section*.46}{\376\377\000T\000h\000e\000\040\000G\000-\000s\000e\000t\000\040\000s\000e\000a\000r\000c\000h\000\040\000v\000a\000r\000i\000a\000n\000t\000s}{section*.44}% 46
\BOOKMARK [2][-]{section*.47}{\376\377\000H\000o\000w\000\040\000t\000h\000e\000\040\000F\000E\000M\000\040\000a\000n\000d\000\040\000d\000S\000B\000\040\000c\000o\000n\000t\000e\000x\000t\000\040\000w\000a\000s\000\040\000h\000a\000n\000d\000l\000e\000d}{section*.44}% 47
\BOOKMARK [2][-]{section*.48}{\376\377\000F\000i\000g\000u\000r\000e\000\040\000d\000a\000t\000a\000\040\000a\000n\000d\000\040\000r\000e\000b\000u\000i\000l\000d\000\040\000c\000o\000m\000m\000a\000n\000d}{section*.44}% 48
\BOOKMARK [1][-]{section*.49}{\376\377\000C\000o\000m\000p\000l\000e\000t\000e\000\040\000n\000u\000m\000e\000r\000i\000c\000a\000l\000\040\000t\000a\000b\000l\000e\000s}{section*.2}% 49
\BOOKMARK [2][-]{section*.50}{\376\377\000N\000e\000s\000t\000e\000d\000\040\000K\0002\0000\0000\0000\000\040\000p\000o\000p\000u\000l\000a\000t\000i\000o\000n\000\040\000s\000w\000e\000e\000p}{section*.49}% 50
\BOOKMARK [2][-]{section*.51}{\376\377\000A\000l\000l\000\040\000f\000i\000x\000e\000d\000\040\000W\000i\000s\000h\000a\000r\000t\000\040\000f\000i\000l\000e\000s}{section*.49}% 51
\BOOKMARK [2][-]{section*.52}{\376\377\000A\000l\000l\000\040\000f\000i\000x\000e\000d\000\040\000C\000h\000o\000o\000k\000\040\000t\000i\000l\000e\000-\000p\000l\000a\000n\000t\000e\000d\000\040\000f\000i\000l\000e\000s}{section*.49}% 52
\BOOKMARK [2][-]{section*.53}{\376\377\000E\000v\000e\000r\000y\000\040\000G\0001\040\023\000G\0005\0004\000\040\000r\000e\000t\000a\000i\000n\000e\000d\000\040\000c\000u\000t}{section*.49}% 53
